Fetching distribution.
Downloading https://services.gradle.org/distributions/gradle-8.6-bin.zip
............10%.............20%............30%.............40%.............50%............60%.............70%.............80%............90%.............100%

Welcome to Gradle 8.6!

Here are the highlights of this release:
 - Configurable encryption key for configuration cache
 - Build init improvements
 - Build authoring improvements

For more details see https://docs.gradle.org/8.6/release-notes.html

Starting a Gradle Daemon (subsequent builds will be faster)
